0 verbose cli /usr/bin/node /bin/npm
1 info using npm@10.8.2
2 info using node@v20.20.2
3 silly config load:file:/usr/lib/node_modules/npm/npmrc
4 silly config load:file:/var/www/society-app/Society-management-System/server/.npmrc
5 silly config load:file:/root/.npmrc
6 silly config load:file:/usr/etc/npmrc
7 verbose title npm install bcryptjs
8 verbose argv "install" "bcryptjs"
9 verbose logfile logs-max:10 dir:/root/.npm/_logs/2026-08-18T20_15_26_887Z-
10 verbose logfile /root/.npm/_logs/2026-08-18T20_15_26_887Z-debug-0.log
11 silly packumentCache heap:1914699776 maxSize:478674944 maxEntrySize:239337472
12 silly logfile done cleaning log files
13 silly idealTree buildDeps
14 silly fetch manifest bcryptjs@*
15 silly packumentCache full:https://registry.npmjs.org/bcryptjs cache-miss
16 http fetch GET 200 https://registry.npmjs.org/bcryptjs 88ms (cache miss)
17 silly packumentCache full:https://registry.npmjs.org/bcryptjs set size:undefined disposed:false
18 silly placeDep ROOT bcryptjs@3.0.3 OK for: server@1.0.0 want: *
19 silly reify moves {}
20 silly audit bulk request {
20 silly audit   '@aws-sdk/checksums': [ '3.1000.28' ],
20 silly audit   '@aws-sdk/client-s3': [ '3.1112.0' ],
20 silly audit   '@aws-sdk/core': [ '3.977.8' ],
20 silly audit   '@aws-sdk/credential-provider-env': [ '3.972.69' ],
20 silly audit   '@aws-sdk/credential-provider-http': [ '3.972.71' ],
20 silly audit   '@aws-sdk/credential-provider-ini': [ '3.973.14' ],
20 silly audit   '@aws-sdk/credential-provider-login': [ '3.972.76' ],
20 silly audit   '@aws-sdk/credential-provider-node': [ '3.972.80' ],
20 silly audit   '@aws-sdk/credential-provider-process': [ '3.972.69' ],
20 silly audit   '@aws-sdk/credential-provider-sso': [ '3.973.13' ],
20 silly audit   '@aws-sdk/credential-provider-web-identity': [ '3.972.75' ],
20 silly audit   '@aws-sdk/middleware-sdk-s3': [ '3.972.74' ],
20 silly audit   '@aws-sdk/nested-clients': [ '3.997.43' ],
20 silly audit   '@aws-sdk/signature-v4-multi-region': [ '3.996.45' ],
20 silly audit   '@aws-sdk/token-providers': [ '3.1111.0' ],
20 silly audit   '@aws-sdk/types': [ '3.974.4' ],
20 silly audit   '@aws-sdk/xml-builder': [ '3.972.39' ],
20 silly audit   '@aws/lambda-invoke-store': [ '0.3.0' ],
20 silly audit   '@mongodb-js/saslprep': [ '1.4.8' ],
20 silly audit   '@smithy/core': [ '3.33.2' ],
20 silly audit   '@smithy/credential-provider-imds': [ '4.5.2' ],
20 silly audit   '@smithy/fetch-http-handler': [ '5.7.2' ],
20 silly audit   '@smithy/node-http-handler': [ '4.11.2' ],
20 silly audit   '@smithy/signature-v4': [ '5.7.2' ],
20 silly audit   '@smithy/types': [ '4.17.2' ],
20 silly audit   '@socket.io/component-emitter': [ '3.1.2' ],
20 silly audit   '@types/cors': [ '2.8.19' ],
20 silly audit   '@types/node': [ '25.9.1' ],
20 silly audit   '@types/webidl-conversions': [ '7.0.3' ],
20 silly audit   '@types/whatwg-url': [ '13.0.0' ],
20 silly audit   '@types/ws': [ '8.18.1' ],
20 silly audit   accepts: [ '2.0.0', '1.3.8' ],
20 silly audit   'append-field': [ '1.0.0' ],
20 silly audit   base64id: [ '2.0.0' ],
20 silly audit   bcrypt: [ '6.0.0' ],
20 silly audit   'body-parser': [ '2.2.2' ],
20 silly audit   bowser: [ '2.14.1' ],
20 silly audit   bson: [ '7.2.0' ],
20 silly audit   'buffer-equal-constant-time': [ '1.0.1' ],
20 silly audit   'buffer-from': [ '1.1.2' ],
20 silly audit   busboy: [ '1.6.0' ],
20 silly audit   bytes: [ '3.1.2' ],
20 silly audit   'call-bind-apply-helpers': [ '1.0.2' ],
20 silly audit   'call-bound': [ '1.0.4' ],
20 silly audit   cloudinary: [ '2.10.0' ],
20 silly audit   'concat-stream': [ '2.0.0' ],
20 silly audit   'content-disposition': [ '1.1.0' ],
20 silly audit   'content-type': [ '1.0.5' ],
20 silly audit   cookie: [ '0.7.2' ],
20 silly audit   'cookie-parser': [ '1.4.7' ],
20 silly audit   'cookie-signature': [ '1.0.6', '1.2.2' ],
20 silly audit   cors: [ '2.8.6' ],
20 silly audit   debug: [ '4.4.3' ],
20 silly audit   depd: [ '2.0.0' ],
20 silly audit   dotenv: [ '17.4.2' ],
20 silly audit   'dunder-proto': [ '1.0.1' ],
20 silly audit   'ecdsa-sig-formatter': [ '1.0.11' ],
20 silly audit   'ee-first': [ '1.1.1' ],
20 silly audit   encodeurl: [ '2.0.0' ],
20 silly audit   'engine.io': [ '6.6.7' ],
20 silly audit   'engine.io-parser': [ '5.2.3' ],
20 silly audit   'mime-db': [ '1.52.0', '1.54.0' ],
20 silly audit   'mime-types': [ '2.1.35', '3.0.2' ],
20 silly audit   negotiator: [ '0.6.3', '1.0.0' ],
20 silly audit   'es-define-property': [ '1.0.1' ],
20 silly audit   'es-errors': [ '1.3.0' ],
20 silly audit   'es-object-atoms': [ '1.1.1' ],
20 silly audit   'escape-html': [ '1.0.3' ],
20 silly audit   etag: [ '1.8.1' ],
20 silly audit   express: [ '5.2.1' ],
20 silly audit   finalhandler: [ '2.1.1' ],
20 silly audit   forwarded: [ '0.2.0' ],
20 silly audit   fresh: [ '2.0.0' ],
20 silly audit   'function-bind': [ '1.1.2' ],
20 silly audit   'get-intrinsic': [ '1.3.0' ],
20 silly audit   'get-proto': [ '1.0.1' ],
20 silly audit   gopd: [ '1.2.0' ],
20 silly audit   'has-symbols': [ '1.1.0' ],
20 silly audit   hasown: [ '2.0.3' ],
20 silly audit   'http-errors': [ '2.0.1' ],
20 silly audit   'iconv-lite': [ '0.7.2' ],
20 silly audit   inherits: [ '2.0.4' ],
20 silly audit   'ipaddr.js': [ '1.9.1' ],
20 silly audit   'is-promise': [ '4.0.0' ],
20 silly audit   jsonwebtoken: [ '9.0.3' ],
20 silly audit   jwa: [ '2.0.1' ],
20 silly audit   jws: [ '4.0.1' ],
20 silly audit   kareem: [ '3.3.0' ],
20 silly audit   lodash: [ '4.18.1' ],
20 silly audit   'lodash.includes': [ '4.3.0' ],
20 silly audit   'lodash.isboolean': [ '3.0.3' ],
20 silly audit   'lodash.isinteger': [ '4.0.4' ],
20 silly audit   'lodash.isnumber': [ '3.0.3' ],
20 silly audit   'lodash.isplainobject': [ '4.0.6' ],
20 silly audit   'lodash.isstring': [ '4.0.1' ],
20 silly audit   'lodash.once': [ '4.1.1' ],
20 silly audit   'math-intrinsics': [ '1.1.0' ],
20 silly audit   'media-typer': [ '1.1.0', '0.3.0' ],
20 silly audit   'memory-pager': [ '1.5.0' ],
20 silly audit   'merge-descriptors': [ '2.0.0' ],
20 silly audit   mongodb: [ '7.1.1' ],
20 silly audit   'mongodb-connection-string-url': [ '7.0.1' ],
20 silly audit   mongoose: [ '9.5.0' ],
20 silly audit   mpath: [ '0.9.0' ],
20 silly audit   mquery: [ '6.0.0' ],
20 silly audit   ms: [ '2.1.3' ],
20 silly audit   multer: [ '2.1.1' ],
20 silly audit   'type-is': [ '1.6.18', '2.0.1' ],
20 silly audit   'node-addon-api': [ '8.7.0' ],
20 silly audit   'node-gyp-build': [ '4.8.4' ],
20 silly audit   nodemailer: [ '8.0.6' ],
20 silly audit   'object-assign': [ '4.1.1' ],
20 silly audit   'object-inspect': [ '1.13.4' ],
20 silly audit   'on-finished': [ '2.4.1' ],
20 silly audit   once: [ '1.4.0' ],
20 silly audit   parseurl: [ '1.3.3' ],
20 silly audit   'path-to-regexp': [ '8.4.2' ],
20 silly audit   'proxy-addr': [ '2.0.7' ],
20 silly audit   punycode: [ '2.3.1' ],
20 silly audit   qs: [ '6.15.1' ],
20 silly audit   'range-parser': [ '1.2.1' ],
20 silly audit   'raw-body': [ '3.0.2' ],
20 silly audit   'readable-stream': [ '3.6.2' ],
20 silly audit   router: [ '2.2.0' ],
20 silly audit   'safe-buffer': [ '5.2.1' ],
20 silly audit   'safer-buffer': [ '2.1.2' ],
20 silly audit   semver: [ '7.7.4' ],
20 silly audit   send: [ '1.2.1' ],
20 silly audit   'serve-static': [ '2.2.1' ],
20 silly audit   setprototypeof: [ '1.2.0' ],
20 silly audit   'side-channel': [ '1.1.0' ],
20 silly audit   'side-channel-list': [ '1.0.1' ],
20 silly audit   'side-channel-map': [ '1.0.1' ],
20 silly audit   'side-channel-weakmap': [ '1.0.2' ],
20 silly audit   sift: [ '17.1.3' ],
20 silly audit   'socket.io': [ '4.8.3' ],
20 silly audit   'socket.io-adapter': [ '2.5.6' ],
20 silly audit   'socket.io-parser': [ '4.2.6' ],
20 silly audit   'sparse-bitfield': [ '3.0.3' ],
20 silly audit   statuses: [ '2.0.2' ],
20 silly audit   streamsearch: [ '1.1.0' ],
20 silly audit   string_decoder: [ '1.3.0' ],
20 silly audit   toidentifier: [ '1.0.1' ],
20 silly audit   tr46: [ '5.1.1' ],
20 silly audit   tslib: [ '2.8.1' ],
20 silly audit   typedarray: [ '0.0.6' ],
20 silly audit   'undici-types': [ '7.24.6' ],
20 silly audit   unpipe: [ '1.0.0' ],
20 silly audit   'util-deprecate': [ '1.0.2' ],
20 silly audit   vary: [ '1.1.2' ],
20 silly audit   'webidl-conversions': [ '7.0.0' ],
20 silly audit   'whatwg-url': [ '14.2.0' ],
20 silly audit   wrappy: [ '1.0.2' ],
20 silly audit   ws: [ '8.18.3' ],
20 silly audit   bcryptjs: [ '3.0.3' ]
20 silly audit }
21 silly tarball no local data for bcryptjs@https://registry.npmjs.org/bcryptjs/-/bcryptjs-3.0.3.tgz. Extracting by manifest.
22 http fetch GET 200 https://registry.npmjs.org/bcryptjs/-/bcryptjs-3.0.3.tgz 43ms (cache miss)
23 http fetch POST 200 https://registry.npmjs.org/-/npm/v1/security/advisories/bulk 169ms
24 silly audit report {
24 silly audit report   'body-parser': [
24 silly audit report     {
24 silly audit report       id: 1123976,
24 silly audit report       url: 'https://github.com/advisories/GHSA-v422-hmwv-36x6',
24 silly audit report       title: 'body-parser vulnerable to denial of service when invalid limit value silently disables size enforcement',
24 silly audit report       severity: 'low',
24 silly audit report       vulnerable_versions: '>=2.0.0 <2.3.0',
24 silly audit report       cwe: [Array],
24 silly audit report       cvss: [Object]
24 silly audit report     }
24 silly audit report   ],
24 silly audit report   mongoose: [
24 silly audit report     {
24 silly audit report       id: 1139503,
24 silly audit report       url: 'https://github.com/advisories/GHSA-664h-wqgq-64gw',
24 silly audit report       title: 'Mongoose: Prototype pollution in mongoose update casting via __proto__-prefixed dotted path (Schema._getSchema/path getter)',
24 silly audit report       severity: 'moderate',
24 silly audit report       vulnerable_versions: '>=9.0.0 <9.7.2',
24 silly audit report       cwe: [Array],
24 silly audit report       cvss: [Object]
24 silly audit report     }
24 silly audit report   ],
24 silly audit report   multer: [
24 silly audit report     {
24 silly audit report       id: 1121089,
24 silly audit report       url: 'https://github.com/advisories/GHSA-72gw-mp4g-v24j',
24 silly audit report       title: 'Multer vulnerable to Denial of Service via deeply nested field names',
24 silly audit report       severity: 'high',
24 silly audit report       vulnerable_versions: '>=1.0.0 <2.2.0',
24 silly audit report       cwe: [Array],
24 silly audit report       cvss: [Object]
24 silly audit report     },
24 silly audit report     {
24 silly audit report       id: 1121091,
24 silly audit report       url: 'https://github.com/advisories/GHSA-3p4h-7m6x-2hcm',
24 silly audit report       title: 'Multer vulnerable to Denial of Service via incomplete cleanup of aborted uploads',
24 silly audit report       severity: 'moderate',
24 silly audit report       vulnerable_versions: '>=2.0.0-alpha.1 <2.2.0',
24 silly audit report       cwe: [Array],
24 silly audit report       cvss: [Object]
24 silly audit report     }
24 silly audit report   ],
24 silly audit report   nodemailer: [
24 silly audit report     {
24 silly audit report       id: 1120795,
24 silly audit report       url: 'https://github.com/advisories/GHSA-268h-hp4c-crq3',
24 silly audit report       title: 'Nodemailer: CRLF injection in Nodemailer List-* header comments allows arbitrary message header injection',
24 silly audit report       severity: 'moderate',
24 silly audit report       vulnerable_versions: '<=8.0.8',
24 silly audit report       cwe: [Array],
24 silly audit report       cvss: [Object]
24 silly audit report     },
24 silly audit report     {
24 silly audit report       id: 1120796,
24 silly audit report       url: 'https://github.com/advisories/GHSA-wqvq-jvpq-h66f',
24 silly audit report       title: 'Nodemailer jsonTransport bypasses disableFileAccess and disableUrlAccess during message normalization',
24 silly audit report       severity: 'moderate',
24 silly audit report       vulnerable_versions: '<=8.0.8',
24 silly audit report       cwe: [Array],
24 silly audit report       cvss: [Object]
24 silly audit report     },
24 silly audit report     {
24 silly audit report       id: 1120797,
24 silly audit report       url: 'https://github.com/advisories/GHSA-r7g4-qg5f-qqm2',
24 silly audit report       title: 'Nodemailer: Improper TLS Certificate Validation in OAuth2 Token Fetch Enables Credential Interception',
24 silly audit report       severity: 'moderate',
24 silly audit report       vulnerable_versions: '<=8.0.7',
24 silly audit report       cwe: [Array],
24 silly audit report       cvss: [Object]
24 silly audit report     },
24 silly audit report     {
24 silly audit report       id: 1121191,
24 silly audit report       url: 'https://github.com/advisories/GHSA-p6gq-j5cr-w38f',
24 silly audit report       title: 'Nodemailer: Message-level raw option bypasses disableFileAccess/disableUrlAccess, enabling arbitrary file read and full-response SSRF in the delivered message',
24 silly audit report       severity: 'high',
24 silly audit report       vulnerable_versions: '<=9.0.0',
24 silly audit report       cwe: [Array],
24 silly audit report       cvss: [Object]
24 silly audit report     }
24 silly audit report   ],
24 silly audit report   qs: [
24 silly audit report     {
24 silly audit report       id: 1119502,
24 silly audit report       url: 'https://github.com/advisories/GHSA-q8mj-m7cp-5q26',
24 silly audit report       title: 'qs has a remotely triggerable DoS: qs.stringify crashes with TypeError on null/undefined entries in comma-format arrays when encodeValuesOnly is set',
24 silly audit report       severity: 'moderate',
24 silly audit report       vulnerable_versions: '>=6.11.1 <=6.15.1',
24 silly audit report       cwe: [Array],
24 silly audit report       cvss: [Object]
24 silly audit report     }
24 silly audit report   ],
24 silly audit report   'socket.io-parser': [
24 silly audit report     {
24 silly audit report       id: 1130713,
24 silly audit report       url: 'https://github.com/advisories/GHSA-2m8v-j782-fhvr',
24 silly audit report       title: 'Socket.IO: Zero-attachment Memory Exhaustion',
24 silly audit report       severity: 'high',
24 silly audit report       vulnerable_versions: '>=4.0.0 <4.2.7',
24 silly audit report       cwe: [Array],
24 silly audit report       cvss: [Object]
24 silly audit report     }
24 silly audit report   ],
24 silly audit report   ws: [
24 silly audit report     {
24 silly audit report       id: 1119108,
24 silly audit report       url: 'https://github.com/advisories/GHSA-58qx-3vcg-4xpx',
24 silly audit report       title: 'ws: Uninitialized memory disclosure',
24 silly audit report       severity: 'moderate',
24 silly audit report       vulnerable_versions: '>=8.0.0 <8.20.1',
24 silly audit report       cwe: [Array],
24 silly audit report       cvss: [Object]
24 silly audit report     },
24 silly audit report     {
24 silly audit report       id: 1123259,
24 silly audit report       url: 'https://github.com/advisories/GHSA-96hv-2xvq-fx4p',
24 silly audit report       title: 'ws: Memory exhaustion DoS from tiny fragments and data chunks',
24 silly audit report       severity: 'high',
24 silly audit report       vulnerable_versions: '>=8.0.0 <8.21.0',
24 silly audit report       cwe: [Array],
24 silly audit report       cvss: [Object]
24 silly audit report     }
24 silly audit report   ]
24 silly audit report }
25 silly packumentCache corgi:https://registry.npmjs.org/body-parser cache-miss
26 silly packumentCache corgi:https://registry.npmjs.org/mongoose cache-miss
27 silly packumentCache corgi:https://registry.npmjs.org/multer cache-miss
28 silly packumentCache corgi:https://registry.npmjs.org/nodemailer cache-miss
29 silly packumentCache corgi:https://registry.npmjs.org/qs cache-miss
30 silly packumentCache corgi:https://registry.npmjs.org/socket.io-parser cache-miss
31 silly packumentCache corgi:https://registry.npmjs.org/ws cache-miss
32 http fetch GET 200 https://registry.npmjs.org/multer 42ms (cache revalidated)
33 silly packumentCache corgi:https://registry.npmjs.org/multer set size:72380 disposed:false
34 http fetch GET 200 https://registry.npmjs.org/body-parser 43ms (cache revalidated)
35 silly packumentCache corgi:https://registry.npmjs.org/body-parser set size:81203 disposed:false
36 http fetch GET 200 https://registry.npmjs.org/qs 47ms (cache revalidated)
37 silly packumentCache corgi:https://registry.npmjs.org/qs set size:148003 disposed:false
38 http fetch GET 200 https://registry.npmjs.org/mongoose 53ms (cache revalidated)
39 silly packumentCache corgi:https://registry.npmjs.org/mongoose set size:1652073 disposed:false
40 http fetch GET 200 https://registry.npmjs.org/ws 89ms (cache revalidated)
41 silly packumentCache corgi:https://registry.npmjs.org/ws set size:207962 disposed:false
42 http fetch GET 200 https://registry.npmjs.org/socket.io-parser 92ms (cache revalidated)
43 silly packumentCache corgi:https://registry.npmjs.org/socket.io-parser set size:69014 disposed:false
44 http fetch GET 200 https://registry.npmjs.org/nodemailer 95ms (cache revalidated)
45 silly packumentCache corgi:https://registry.npmjs.org/nodemailer set size:322075 disposed:false
46 silly packumentCache corgi:https://registry.npmjs.org/express cache-miss
47 http fetch GET 200 https://registry.npmjs.org/express 16ms (cache revalidated)
48 silly packumentCache corgi:https://registry.npmjs.org/express set size:339376 disposed:false
49 silly packumentCache corgi:https://registry.npmjs.org/socket.io cache-miss
50 http fetch GET 200 https://registry.npmjs.org/socket.io 164ms (cache revalidated)
51 silly packumentCache corgi:https://registry.npmjs.org/socket.io set size:167232 disposed:false
52 silly packumentCache corgi:https://registry.npmjs.org/engine.io cache-miss
53 silly packumentCache corgi:https://registry.npmjs.org/socket.io-adapter cache-miss
54 http fetch GET 200 https://registry.npmjs.org/socket.io-adapter 15ms (cache revalidated)
55 silly packumentCache corgi:https://registry.npmjs.org/socket.io-adapter set size:37178 disposed:false
56 http fetch GET 200 https://registry.npmjs.org/engine.io 16ms (cache revalidated)
57 silly packumentCache corgi:https://registry.npmjs.org/engine.io set size:171478 disposed:false
58 silly ADD node_modules/bcryptjs
59 verbose cwd /var/www/society-app/Society-management-System/server
60 verbose os Linux 5.14.0-687.10.1.el9_8.x86_64
61 verbose node v20.20.2
62 verbose npm  v10.8.2
63 verbose exit 0
64 info ok
