0 verbose cli /usr/bin/node /bin/npm
1 info using npm@10.8.2
2 info using node@v20.20.2
3 silly config load:file:/usr/lib/node_modules/npm/npmrc
4 silly config load:file:/root/.npmrc
5 silly config load:file:/usr/etc/npmrc
6 verbose title npm install pm2
7 verbose argv "install" "--global" "pm2"
8 verbose logfile logs-max:10 dir:/root/.npm/_logs/2026-08-18T06_20_18_267Z-
9 verbose logfile /root/.npm/_logs/2026-08-18T06_20_18_267Z-debug-0.log
10 silly packumentCache heap:1914699776 maxSize:478674944 maxEntrySize:239337472
11 silly logfile done cleaning log files
12 silly idealTree buildDeps
13 silly fetch manifest pm2@*
14 silly packumentCache full:https://registry.npmjs.org/pm2 cache-miss
15 http fetch GET 200 https://registry.npmjs.org/pm2 102ms (cache miss)
16 silly packumentCache full:https://registry.npmjs.org/pm2 set size:undefined disposed:false
17 silly placeDep ROOT pm2@7.0.3 OK for:  want: *
18 silly fetch manifest @pm2/blessed@0.1.81
19 silly packumentCache full:https://registry.npmjs.org/@pm2%2fblessed cache-miss
20 http fetch GET 200 https://registry.npmjs.org/@pm2%2fblessed 34ms (cache miss)
21 silly packumentCache full:https://registry.npmjs.org/@pm2%2fblessed set size:undefined disposed:false
22 silly fetch manifest @pm2/js-api@0.8.1
23 silly packumentCache full:https://registry.npmjs.org/@pm2%2fjs-api cache-miss
24 http fetch GET 200 https://registry.npmjs.org/@pm2%2fjs-api 60ms (cache miss)
25 silly packumentCache full:https://registry.npmjs.org/@pm2%2fjs-api set size:undefined disposed:false
26 silly fetch manifest @pm2/pm2-version-check@1.0.4
27 silly packumentCache full:https://registry.npmjs.org/@pm2%2fpm2-version-check cache-miss
28 http fetch GET 200 https://registry.npmjs.org/@pm2%2fpm2-version-check 26ms (cache miss)
29 silly packumentCache full:https://registry.npmjs.org/@pm2%2fpm2-version-check set size:undefined disposed:false
30 silly fetch manifest amp@0.3.1
31 silly packumentCache full:https://registry.npmjs.org/amp cache-miss
32 http fetch GET 200 https://registry.npmjs.org/amp 15ms (cache miss)
33 silly packumentCache full:https://registry.npmjs.org/amp set size:undefined disposed:false
34 silly fetch manifest amp-message@0.1.2
35 silly packumentCache full:https://registry.npmjs.org/amp-message cache-miss
36 http fetch GET 200 https://registry.npmjs.org/amp-message 16ms (cache miss)
37 silly packumentCache full:https://registry.npmjs.org/amp-message set size:undefined disposed:false
38 silly fetch manifest ansis@4.0.0-node10
39 silly packumentCache full:https://registry.npmjs.org/ansis cache-miss
40 http fetch GET 200 https://registry.npmjs.org/ansis 169ms (cache miss)
41 silly packumentCache full:https://registry.npmjs.org/ansis set size:undefined disposed:false
42 silly fetch manifest async@3.2.6
43 silly packumentCache full:https://registry.npmjs.org/async cache-miss
44 http fetch GET 200 https://registry.npmjs.org/async 22ms (cache miss)
45 silly packumentCache full:https://registry.npmjs.org/async set size:undefined disposed:false
46 silly fetch manifest chokidar@3.6.0
47 silly packumentCache full:https://registry.npmjs.org/chokidar cache-miss
48 http fetch GET 200 https://registry.npmjs.org/chokidar 21ms (cache miss)
49 silly packumentCache full:https://registry.npmjs.org/chokidar set size:undefined disposed:false
50 silly fetch manifest cli-tableau@2.0.1
51 silly packumentCache full:https://registry.npmjs.org/cli-tableau cache-miss
52 http fetch GET 200 https://registry.npmjs.org/cli-tableau 15ms (cache miss)
53 silly packumentCache full:https://registry.npmjs.org/cli-tableau set size:undefined disposed:false
54 silly fetch manifest commander@2.15.1
55 silly packumentCache full:https://registry.npmjs.org/commander cache-miss
56 http fetch GET 200 https://registry.npmjs.org/commander 26ms (cache miss)
57 silly packumentCache full:https://registry.npmjs.org/commander set size:undefined disposed:false
58 silly fetch manifest croner@4.1.97
59 silly packumentCache full:https://registry.npmjs.org/croner cache-miss
60 http fetch GET 200 https://registry.npmjs.org/croner 180ms (cache miss)
61 silly packumentCache full:https://registry.npmjs.org/croner set size:undefined disposed:false
62 silly fetch manifest dayjs@1.11.15
63 silly packumentCache full:https://registry.npmjs.org/dayjs cache-miss
64 http fetch GET 200 https://registry.npmjs.org/dayjs 27ms (cache miss)
65 silly packumentCache full:https://registry.npmjs.org/dayjs set size:undefined disposed:false
66 silly fetch manifest debug@4.4.3
67 silly packumentCache full:https://registry.npmjs.org/debug cache-miss
68 http fetch GET 200 https://registry.npmjs.org/debug 21ms (cache miss)
69 silly packumentCache full:https://registry.npmjs.org/debug set size:undefined disposed:false
70 silly fetch manifest eventemitter2@6.4.9
71 silly packumentCache full:https://registry.npmjs.org/eventemitter2 cache-miss
72 http fetch GET 200 https://registry.npmjs.org/eventemitter2 20ms (cache miss)
73 silly packumentCache full:https://registry.npmjs.org/eventemitter2 set size:undefined disposed:false
74 silly fetch manifest fast-json-patch@3.1.1
75 silly packumentCache full:https://registry.npmjs.org/fast-json-patch cache-miss
76 http fetch GET 200 https://registry.npmjs.org/fast-json-patch 17ms (cache miss)
77 silly packumentCache full:https://registry.npmjs.org/fast-json-patch set size:undefined disposed:false
78 silly fetch manifest js-yaml@4.3.0
79 silly packumentCache full:https://registry.npmjs.org/js-yaml cache-miss
80 http fetch GET 200 https://registry.npmjs.org/js-yaml 18ms (cache miss)
81 silly packumentCache full:https://registry.npmjs.org/js-yaml set size:undefined disposed:false
82 silly fetch manifest pidusage@4.0.1
83 silly packumentCache full:https://registry.npmjs.org/pidusage cache-miss
84 http fetch GET 200 https://registry.npmjs.org/pidusage 17ms (cache miss)
85 silly packumentCache full:https://registry.npmjs.org/pidusage set size:undefined disposed:false
86 silly fetch manifest pm2-deploy@1.0.2
87 silly packumentCache full:https://registry.npmjs.org/pm2-deploy cache-miss
88 http fetch GET 200 https://registry.npmjs.org/pm2-deploy 16ms (cache miss)
89 silly packumentCache full:https://registry.npmjs.org/pm2-deploy set size:undefined disposed:false
90 silly fetch manifest proxy-agent@6.5.0
91 silly packumentCache full:https://registry.npmjs.org/proxy-agent cache-miss
92 http fetch GET 200 https://registry.npmjs.org/proxy-agent 16ms (cache miss)
93 silly packumentCache full:https://registry.npmjs.org/proxy-agent set size:undefined disposed:false
94 silly fetch manifest semver@7.7.2
95 silly packumentCache full:https://registry.npmjs.org/semver cache-miss
96 http fetch GET 200 https://registry.npmjs.org/semver 21ms (cache miss)
97 silly packumentCache full:https://registry.npmjs.org/semver set size:undefined disposed:false
98 silly fetch manifest tx2@1.0.5
99 silly packumentCache full:https://registry.npmjs.org/tx2 cache-miss
100 http fetch GET 200 https://registry.npmjs.org/tx2 16ms (cache miss)
101 silly packumentCache full:https://registry.npmjs.org/tx2 set size:undefined disposed:false
102 silly fetch manifest ws@8.21.0
103 silly packumentCache full:https://registry.npmjs.org/ws cache-miss
104 http fetch GET 200 https://registry.npmjs.org/ws 175ms (cache miss)
105 silly packumentCache full:https://registry.npmjs.org/ws set size:undefined disposed:false
106 silly fetch manifest bufferutil@^4.0.1
107 silly packumentCache full:https://registry.npmjs.org/bufferutil cache-miss
108 http fetch GET 200 https://registry.npmjs.org/bufferutil 21ms (cache miss)
109 silly packumentCache full:https://registry.npmjs.org/bufferutil set size:undefined disposed:false
110 silly fetch manifest utf-8-validate@>=5.0.2
111 silly packumentCache full:https://registry.npmjs.org/utf-8-validate cache-miss
112 http fetch GET 200 https://registry.npmjs.org/utf-8-validate 16ms (cache miss)
113 silly packumentCache full:https://registry.npmjs.org/utf-8-validate set size:undefined disposed:false
114 silly placeDep node_modules/pm2 @pm2/blessed@0.1.81 OK for: pm2@7.0.3 want: 0.1.81
115 silly placeDep node_modules/pm2 @pm2/js-api@0.8.1 OK for: pm2@7.0.3 want: 0.8.1
116 silly placeDep node_modules/pm2 @pm2/pm2-version-check@1.0.4 OK for: pm2@7.0.3 want: 1.0.4
117 silly placeDep node_modules/pm2 amp@0.3.1 OK for: pm2@7.0.3 want: 0.3.1
118 silly placeDep node_modules/pm2 amp-message@0.1.2 OK for: pm2@7.0.3 want: 0.1.2
119 silly placeDep node_modules/pm2 ansis@4.0.0-node10 OK for: pm2@7.0.3 want: 4.0.0-node10
120 silly placeDep node_modules/pm2 async@3.2.6 OK for: pm2@7.0.3 want: 3.2.6
121 silly placeDep node_modules/pm2 chokidar@3.6.0 OK for: pm2@7.0.3 want: 3.6.0
122 silly placeDep node_modules/pm2 cli-tableau@2.0.1 OK for: pm2@7.0.3 want: 2.0.1
123 silly placeDep node_modules/pm2 commander@2.15.1 OK for: pm2@7.0.3 want: 2.15.1
124 silly placeDep node_modules/pm2 croner@4.1.97 OK for: pm2@7.0.3 want: 4.1.97
125 silly placeDep node_modules/pm2 dayjs@1.11.15 OK for: pm2@7.0.3 want: 1.11.15
126 silly placeDep node_modules/pm2 debug@4.4.3 OK for: pm2@7.0.3 want: 4.4.3
127 silly placeDep node_modules/pm2 eventemitter2@6.4.9 OK for: pm2@7.0.3 want: 6.4.9
128 silly placeDep node_modules/pm2 fast-json-patch@3.1.1 OK for: pm2@7.0.3 want: 3.1.1
129 silly placeDep node_modules/pm2 js-yaml@4.3.0 OK for: pm2@7.0.3 want: 4.3.0
130 silly placeDep node_modules/pm2 pidusage@4.0.1 OK for: pm2@7.0.3 want: 4.0.1
131 silly placeDep node_modules/pm2 pm2-deploy@1.0.2 OK for: pm2@7.0.3 want: 1.0.2
132 silly placeDep node_modules/pm2 proxy-agent@6.5.0 OK for: pm2@7.0.3 want: 6.5.0
133 silly placeDep node_modules/pm2 semver@7.7.2 OK for: pm2@7.0.3 want: 7.7.2
134 silly placeDep node_modules/pm2 tx2@1.0.5 OK for: pm2@7.0.3 want: 1.0.5
135 silly placeDep node_modules/pm2 ws@8.21.0 OK for: pm2@7.0.3 want: 8.21.0
136 silly fetch manifest async@^2.6.3
137 silly packumentCache full:https://registry.npmjs.org/async cache-miss
138 http fetch GET 200 https://registry.npmjs.org/async 4ms (cache hit)
139 silly packumentCache full:https://registry.npmjs.org/async set size:230482 disposed:false
140 silly fetch manifest extrareqp2@^1.0.0
141 silly packumentCache full:https://registry.npmjs.org/extrareqp2 cache-miss
142 http fetch GET 200 https://registry.npmjs.org/extrareqp2 16ms (cache miss)
143 silly packumentCache full:https://registry.npmjs.org/extrareqp2 set size:undefined disposed:false
144 silly fetch manifest debug@~4.3.1
145 silly packumentCache full:https://registry.npmjs.org/debug cache-miss
146 http fetch GET 200 https://registry.npmjs.org/debug 2ms (cache hit)
147 silly packumentCache full:https://registry.npmjs.org/debug set size:195840 disposed:false
148 silly fetch manifest eventemitter2@^6.3.1
149 silly packumentCache full:https://registry.npmjs.org/eventemitter2 cache-miss
150 http fetch GET 200 https://registry.npmjs.org/eventemitter2 3ms (cache hit)
151 silly packumentCache full:https://registry.npmjs.org/eventemitter2 set size:172525 disposed:false
152 silly fetch manifest ws@^8.21.0
153 silly packumentCache full:https://registry.npmjs.org/ws cache-miss
154 http fetch GET 200 https://registry.npmjs.org/ws 3ms (cache hit)
155 silly packumentCache full:https://registry.npmjs.org/ws set size:447661 disposed:false
156 silly fetch manifest debug@^4.3.1
157 silly packumentCache full:https://registry.npmjs.org/debug cache-hit
158 silly fetch manifest braces@~3.0.2
159 silly packumentCache full:https://registry.npmjs.org/braces cache-miss
160 http fetch GET 200 https://registry.npmjs.org/braces 18ms (cache miss)
161 silly packumentCache full:https://registry.npmjs.org/braces set size:undefined disposed:false
162 silly fetch manifest is-glob@~4.0.1
163 silly packumentCache full:https://registry.npmjs.org/is-glob cache-miss
164 http fetch GET 200 https://registry.npmjs.org/is-glob 15ms (cache miss)
165 silly packumentCache full:https://registry.npmjs.org/is-glob set size:undefined disposed:false
166 silly fetch manifest anymatch@~3.1.2
167 silly packumentCache full:https://registry.npmjs.org/anymatch cache-miss
168 http fetch GET 200 https://registry.npmjs.org/anymatch 15ms (cache miss)
169 silly packumentCache full:https://registry.npmjs.org/anymatch set size:undefined disposed:false
170 silly fetch manifest readdirp@~3.6.0
171 silly packumentCache full:https://registry.npmjs.org/readdirp cache-miss
172 http fetch GET 200 https://registry.npmjs.org/readdirp 15ms (cache miss)
173 silly packumentCache full:https://registry.npmjs.org/readdirp set size:undefined disposed:false
174 silly fetch manifest glob-parent@~5.1.2
175 silly packumentCache full:https://registry.npmjs.org/glob-parent cache-miss
176 http fetch GET 200 https://registry.npmjs.org/glob-parent 16ms (cache miss)
177 silly packumentCache full:https://registry.npmjs.org/glob-parent set size:undefined disposed:false
178 silly fetch manifest is-binary-path@~2.1.0
179 silly packumentCache full:https://registry.npmjs.org/is-binary-path cache-miss
180 http fetch GET 200 https://registry.npmjs.org/is-binary-path 14ms (cache miss)
181 silly packumentCache full:https://registry.npmjs.org/is-binary-path set size:undefined disposed:false
182 silly fetch manifest normalize-path@~3.0.0
183 silly packumentCache full:https://registry.npmjs.org/normalize-path cache-miss
184 http fetch GET 200 https://registry.npmjs.org/normalize-path 17ms (cache miss)
185 silly packumentCache full:https://registry.npmjs.org/normalize-path set size:undefined disposed:false
186 silly fetch manifest fsevents@~2.3.2
187 silly packumentCache full:https://registry.npmjs.org/fsevents cache-miss
188 http fetch GET 200 https://registry.npmjs.org/fsevents 17ms (cache miss)
189 silly packumentCache full:https://registry.npmjs.org/fsevents set size:undefined disposed:false
190 silly fetch manifest chalk@3.0.0
191 silly packumentCache full:https://registry.npmjs.org/chalk cache-miss
192 http fetch GET 200 https://registry.npmjs.org/chalk 24ms (cache miss)
193 silly packumentCache full:https://registry.npmjs.org/chalk set size:undefined disposed:false
194 silly fetch manifest ms@^2.1.3
195 silly packumentCache full:https://registry.npmjs.org/ms cache-miss
196 http fetch GET 200 https://registry.npmjs.org/ms 14ms (cache miss)
197 silly packumentCache full:https://registry.npmjs.org/ms set size:undefined disposed:false
198 silly fetch manifest argparse@^2.0.1
199 silly packumentCache full:https://registry.npmjs.org/argparse cache-miss
200 http fetch GET 200 https://registry.npmjs.org/argparse 15ms (cache miss)
201 silly packumentCache full:https://registry.npmjs.org/argparse set size:undefined disposed:false
202 silly fetch manifest safe-buffer@^5.2.1
203 silly packumentCache full:https://registry.npmjs.org/safe-buffer cache-miss
204 http fetch GET 200 https://registry.npmjs.org/safe-buffer 14ms (cache miss)
205 silly packumentCache full:https://registry.npmjs.org/safe-buffer set size:undefined disposed:false
206 silly fetch manifest tv4@^1.3.0
207 silly packumentCache full:https://registry.npmjs.org/tv4 cache-miss
208 http fetch GET 200 https://registry.npmjs.org/tv4 17ms (cache miss)
209 silly packumentCache full:https://registry.npmjs.org/tv4 set size:undefined disposed:false
210 silly fetch manifest run-series@^1.1.8
211 silly packumentCache full:https://registry.npmjs.org/run-series cache-miss
212 http fetch GET 200 https://registry.npmjs.org/run-series 17ms (cache miss)
213 silly packumentCache full:https://registry.npmjs.org/run-series set size:undefined disposed:false
214 silly fetch manifest lru-cache@^7.14.1
215 silly packumentCache full:https://registry.npmjs.org/lru-cache cache-miss
216 http fetch GET 200 https://registry.npmjs.org/lru-cache 29ms (cache miss)
217 silly packumentCache full:https://registry.npmjs.org/lru-cache set size:undefined disposed:false
218 silly fetch manifest agent-base@^7.1.2
219 silly packumentCache full:https://registry.npmjs.org/agent-base cache-miss
220 http fetch GET 200 https://registry.npmjs.org/agent-base 37ms (cache miss)
221 silly packumentCache full:https://registry.npmjs.org/agent-base set size:undefined disposed:false
222 silly fetch manifest proxy-from-env@^1.1.0
223 silly packumentCache full:https://registry.npmjs.org/proxy-from-env cache-miss
224 http fetch GET 200 https://registry.npmjs.org/proxy-from-env 17ms (cache miss)
225 silly packumentCache full:https://registry.npmjs.org/proxy-from-env set size:undefined disposed:false
226 silly fetch manifest pac-proxy-agent@^7.1.0
227 silly packumentCache full:https://registry.npmjs.org/pac-proxy-agent cache-miss
228 http fetch GET 200 https://registry.npmjs.org/pac-proxy-agent 18ms (cache miss)
229 silly packumentCache full:https://registry.npmjs.org/pac-proxy-agent set size:undefined disposed:false
230 silly fetch manifest http-proxy-agent@^7.0.1
231 silly packumentCache full:https://registry.npmjs.org/http-proxy-agent cache-miss
232 http fetch GET 200 https://registry.npmjs.org/http-proxy-agent 16ms (cache miss)
233 silly packumentCache full:https://registry.npmjs.org/http-proxy-agent set size:undefined disposed:false
234 silly fetch manifest https-proxy-agent@^7.0.6
235 silly packumentCache full:https://registry.npmjs.org/https-proxy-agent cache-miss
236 http fetch GET 200 https://registry.npmjs.org/https-proxy-agent 17ms (cache miss)
237 silly packumentCache full:https://registry.npmjs.org/https-proxy-agent set size:undefined disposed:false
238 silly fetch manifest socks-proxy-agent@^8.0.5
239 silly packumentCache full:https://registry.npmjs.org/socks-proxy-agent cache-miss
240 http fetch GET 200 https://registry.npmjs.org/socks-proxy-agent 15ms (cache miss)
241 silly packumentCache full:https://registry.npmjs.org/socks-proxy-agent set size:undefined disposed:false
242 silly fetch manifest json-stringify-safe@^5.0.1
243 silly packumentCache full:https://registry.npmjs.org/json-stringify-safe cache-miss
244 http fetch GET 200 https://registry.npmjs.org/json-stringify-safe 16ms (cache miss)
245 silly packumentCache full:https://registry.npmjs.org/json-stringify-safe set size:undefined disposed:false
246 silly placeDep node_modules/pm2/node_modules/@pm2/js-api async@2.6.4 OK for: @pm2/js-api@0.8.1 want: ^2.6.3
247 silly placeDep node_modules/pm2/node_modules/@pm2/js-api debug@4.3.7 OK for: @pm2/js-api@0.8.1 want: ~4.3.1
248 silly placeDep node_modules/pm2 extrareqp2@1.0.0 OK for: @pm2/js-api@0.8.1 want: ^1.0.0
249 silly fetch manifest lodash@^4.17.14
250 silly packumentCache full:https://registry.npmjs.org/lodash cache-miss
251 http fetch GET 200 https://registry.npmjs.org/lodash 21ms (cache miss)
252 silly packumentCache full:https://registry.npmjs.org/lodash set size:undefined disposed:false
253 silly fetch manifest follow-redirects@^1.14.0
254 silly packumentCache full:https://registry.npmjs.org/follow-redirects cache-miss
255 http fetch GET 200 https://registry.npmjs.org/follow-redirects 22ms (cache miss)
256 silly packumentCache full:https://registry.npmjs.org/follow-redirects set size:undefined disposed:false
257 silly placeDep node_modules/pm2 anymatch@3.1.3 OK for: chokidar@3.6.0 want: ~3.1.2
258 silly placeDep node_modules/pm2 braces@3.0.3 OK for: chokidar@3.6.0 want: ~3.0.2
259 silly placeDep node_modules/pm2 fsevents@2.3.3 OK for: chokidar@3.6.0 want: ~2.3.2
260 silly placeDep node_modules/pm2 glob-parent@5.1.2 OK for: chokidar@3.6.0 want: ~5.1.2
261 silly placeDep node_modules/pm2 is-binary-path@2.1.0 OK for: chokidar@3.6.0 want: ~2.1.0
262 silly placeDep node_modules/pm2 is-glob@4.0.3 OK for: chokidar@3.6.0 want: ~4.0.1
263 silly placeDep node_modules/pm2 normalize-path@3.0.0 OK for: chokidar@3.6.0 want: ~3.0.0
264 silly placeDep node_modules/pm2 readdirp@3.6.0 OK for: chokidar@3.6.0 want: ~3.6.0
265 silly fetch manifest picomatch@^2.0.4
266 silly packumentCache full:https://registry.npmjs.org/picomatch cache-miss
267 http fetch GET 200 https://registry.npmjs.org/picomatch 20ms (cache miss)
268 silly packumentCache full:https://registry.npmjs.org/picomatch set size:undefined disposed:false
269 silly fetch manifest normalize-path@^3.0.0
270 silly packumentCache full:https://registry.npmjs.org/normalize-path cache-miss
271 http fetch GET 200 https://registry.npmjs.org/normalize-path 2ms (cache hit)
272 silly packumentCache full:https://registry.npmjs.org/normalize-path set size:28713 disposed:false
273 silly fetch manifest fill-range@^7.1.1
274 silly packumentCache full:https://registry.npmjs.org/fill-range cache-miss
275 http fetch GET 200 https://registry.npmjs.org/fill-range 16ms (cache miss)
276 silly packumentCache full:https://registry.npmjs.org/fill-range set size:undefined disposed:false
277 silly fetch manifest is-glob@^4.0.1
278 silly packumentCache full:https://registry.npmjs.org/is-glob cache-miss
279 http fetch GET 200 https://registry.npmjs.org/is-glob 2ms (cache hit)
280 silly packumentCache full:https://registry.npmjs.org/is-glob set size:40530 disposed:false
281 silly fetch manifest binary-extensions@^2.0.0
282 silly packumentCache full:https://registry.npmjs.org/binary-extensions cache-miss
283 http fetch GET 200 https://registry.npmjs.org/binary-extensions 16ms (cache miss)
284 silly packumentCache full:https://registry.npmjs.org/binary-extensions set size:undefined disposed:false
285 silly fetch manifest is-extglob@^2.1.1
286 silly packumentCache full:https://registry.npmjs.org/is-extglob cache-miss
287 http fetch GET 200 https://registry.npmjs.org/is-extglob 15ms (cache miss)
288 silly packumentCache full:https://registry.npmjs.org/is-extglob set size:undefined disposed:false
289 silly fetch manifest picomatch@^2.2.1
290 silly packumentCache full:https://registry.npmjs.org/picomatch cache-miss
291 http fetch GET 200 https://registry.npmjs.org/picomatch 2ms (cache hit)
292 silly packumentCache full:https://registry.npmjs.org/picomatch set size:128942 disposed:false
293 silly placeDep node_modules/pm2 picomatch@2.3.2 OK for: anymatch@3.1.3 want: ^2.0.4
294 silly placeDep node_modules/pm2 fill-range@7.1.1 OK for: braces@3.0.3 want: ^7.1.1
295 silly fetch manifest to-regex-range@^5.0.1
296 silly packumentCache full:https://registry.npmjs.org/to-regex-range cache-miss
297 http fetch GET 200 https://registry.npmjs.org/to-regex-range 15ms (cache miss)
298 silly packumentCache full:https://registry.npmjs.org/to-regex-range set size:undefined disposed:false
299 silly placeDep node_modules/pm2 chalk@3.0.0 OK for: cli-tableau@2.0.1 want: 3.0.0
300 silly fetch manifest ansi-styles@^4.1.0
301 silly packumentCache full:https://registry.npmjs.org/ansi-styles cache-miss
302 http fetch GET 200 https://registry.npmjs.org/ansi-styles 23ms (cache miss)
303 silly packumentCache full:https://registry.npmjs.org/ansi-styles set size:undefined disposed:false
304 silly fetch manifest supports-color@^7.1.0
305 silly packumentCache full:https://registry.npmjs.org/supports-color cache-miss
306 http fetch GET 200 https://registry.npmjs.org/supports-color 17ms (cache miss)
307 silly packumentCache full:https://registry.npmjs.org/supports-color set size:undefined disposed:false
308 silly placeDep node_modules/pm2 ansi-styles@4.3.0 OK for: chalk@3.0.0 want: ^4.1.0
309 silly placeDep node_modules/pm2 supports-color@7.2.0 OK for: chalk@3.0.0 want: ^7.1.0
310 silly fetch manifest color-convert@^2.0.1
311 silly packumentCache full:https://registry.npmjs.org/color-convert cache-miss
312 http fetch GET 200 https://registry.npmjs.org/color-convert 17ms (cache miss)
313 silly packumentCache full:https://registry.npmjs.org/color-convert set size:undefined disposed:false
314 silly fetch manifest has-flag@^4.0.0
315 silly packumentCache full:https://registry.npmjs.org/has-flag cache-miss
316 http fetch GET 200 https://registry.npmjs.org/has-flag 14ms (cache miss)
317 silly packumentCache full:https://registry.npmjs.org/has-flag set size:undefined disposed:false
318 silly placeDep node_modules/pm2 color-convert@2.0.1 OK for: ansi-styles@4.3.0 want: ^2.0.1
319 silly fetch manifest color-name@~1.1.4
320 silly packumentCache full:https://registry.npmjs.org/color-name cache-miss
321 http fetch GET 200 https://registry.npmjs.org/color-name 14ms (cache miss)
322 silly packumentCache full:https://registry.npmjs.org/color-name set size:undefined disposed:false
323 silly placeDep node_modules/pm2 color-name@1.1.4 OK for: color-convert@2.0.1 want: ~1.1.4
324 silly placeDep node_modules/pm2 ms@2.1.3 OK for: debug@4.4.3 want: ^2.1.3
325 silly placeDep node_modules/pm2 follow-redirects@1.16.0 OK for: extrareqp2@1.0.0 want: ^1.14.0
326 silly placeDep node_modules/pm2 to-regex-range@5.0.1 OK for: fill-range@7.1.1 want: ^5.0.1
327 silly fetch manifest is-number@^7.0.0
328 silly packumentCache full:https://registry.npmjs.org/is-number cache-miss
329 http fetch GET 200 https://registry.npmjs.org/is-number 14ms (cache miss)
330 silly packumentCache full:https://registry.npmjs.org/is-number set size:undefined disposed:false
331 silly placeDep node_modules/pm2 binary-extensions@2.3.0 OK for: is-binary-path@2.1.0 want: ^2.0.0
332 silly placeDep node_modules/pm2 is-extglob@2.1.1 OK for: is-glob@4.0.3 want: ^2.1.1
333 silly placeDep node_modules/pm2 argparse@2.0.1 OK for: js-yaml@4.3.0 want: ^2.0.1
334 silly placeDep node_modules/pm2 safe-buffer@5.2.1 OK for: pidusage@4.0.1 want: ^5.2.1
335 silly placeDep node_modules/pm2 run-series@1.1.9 OK for: pm2-deploy@1.0.2 want: ^1.1.8
336 silly placeDep node_modules/pm2 tv4@1.3.0 OK for: pm2-deploy@1.0.2 want: ^1.3.0
337 silly placeDep node_modules/pm2 agent-base@7.1.4 OK for: proxy-agent@6.5.0 want: ^7.1.2
338 silly placeDep node_modules/pm2 http-proxy-agent@7.0.2 OK for: proxy-agent@6.5.0 want: ^7.0.1
339 silly placeDep node_modules/pm2 https-proxy-agent@7.0.6 OK for: proxy-agent@6.5.0 want: ^7.0.6
340 silly placeDep node_modules/pm2 lru-cache@7.18.3 OK for: proxy-agent@6.5.0 want: ^7.14.1
341 silly placeDep node_modules/pm2 pac-proxy-agent@7.2.0 OK for: proxy-agent@6.5.0 want: ^7.1.0
342 silly placeDep node_modules/pm2 proxy-from-env@1.1.0 OK for: proxy-agent@6.5.0 want: ^1.1.0
343 silly placeDep node_modules/pm2 socks-proxy-agent@8.0.5 OK for: proxy-agent@6.5.0 want: ^8.0.5
344 silly fetch manifest get-uri@^6.0.1
345 silly packumentCache full:https://registry.npmjs.org/get-uri cache-miss
346 http fetch GET 200 https://registry.npmjs.org/get-uri 20ms (cache miss)
347 silly packumentCache full:https://registry.npmjs.org/get-uri set size:undefined disposed:false
348 silly fetch manifest pac-resolver@^7.0.1
349 silly packumentCache full:https://registry.npmjs.org/pac-resolver cache-miss
350 http fetch GET 200 https://registry.npmjs.org/pac-resolver 15ms (cache miss)
351 silly packumentCache full:https://registry.npmjs.org/pac-resolver set size:undefined disposed:false
352 silly fetch manifest @tootallnate/quickjs-emscripten@^0.23.0
353 silly packumentCache full:https://registry.npmjs.org/@tootallnate%2fquickjs-emscripten cache-miss
354 http fetch GET 200 https://registry.npmjs.org/@tootallnate%2fquickjs-emscripten 23ms (cache miss)
355 silly packumentCache full:https://registry.npmjs.org/@tootallnate%2fquickjs-emscripten set size:undefined disposed:false
356 silly fetch manifest socks@^2.8.3
357 silly packumentCache full:https://registry.npmjs.org/socks cache-miss
358 http fetch GET 200 https://registry.npmjs.org/socks 17ms (cache miss)
359 silly packumentCache full:https://registry.npmjs.org/socks set size:undefined disposed:false
360 silly placeDep node_modules/pm2 @tootallnate/quickjs-emscripten@0.23.0 OK for: pac-proxy-agent@7.2.0 want: ^0.23.0
361 silly placeDep node_modules/pm2 get-uri@6.0.5 OK for: pac-proxy-agent@7.2.0 want: ^6.0.1
362 silly placeDep node_modules/pm2 pac-resolver@7.0.1 OK for: pac-proxy-agent@7.2.0 want: ^7.0.1
363 silly fetch manifest basic-ftp@^5.0.2
364 silly packumentCache full:https://registry.npmjs.org/basic-ftp cache-miss
365 http fetch GET 200 https://registry.npmjs.org/basic-ftp 21ms (cache miss)
366 silly packumentCache full:https://registry.npmjs.org/basic-ftp set size:undefined disposed:false
367 silly fetch manifest data-uri-to-buffer@^6.0.2
368 silly packumentCache full:https://registry.npmjs.org/data-uri-to-buffer cache-miss
369 http fetch GET 200 https://registry.npmjs.org/data-uri-to-buffer 15ms (cache miss)
370 silly packumentCache full:https://registry.npmjs.org/data-uri-to-buffer set size:undefined disposed:false
371 silly fetch manifest netmask@^2.0.2
372 silly packumentCache full:https://registry.npmjs.org/netmask cache-miss
373 http fetch GET 200 https://registry.npmjs.org/netmask 14ms (cache miss)
374 silly packumentCache full:https://registry.npmjs.org/netmask set size:undefined disposed:false
375 silly fetch manifest degenerator@^5.0.0
376 silly packumentCache full:https://registry.npmjs.org/degenerator cache-miss
377 http fetch GET 200 https://registry.npmjs.org/degenerator 27ms (cache miss)
378 silly packumentCache full:https://registry.npmjs.org/degenerator set size:undefined disposed:false
379 silly placeDep node_modules/pm2 basic-ftp@5.3.1 OK for: get-uri@6.0.5 want: ^5.0.2
380 silly placeDep node_modules/pm2 data-uri-to-buffer@6.0.2 OK for: get-uri@6.0.5 want: ^6.0.2
381 silly placeDep node_modules/pm2 degenerator@5.0.1 OK for: pac-resolver@7.0.1 want: ^5.0.0
382 silly placeDep node_modules/pm2 netmask@2.1.1 OK for: pac-resolver@7.0.1 want: ^2.0.2
383 silly fetch manifest esprima@^4.0.1
384 silly packumentCache full:https://registry.npmjs.org/esprima cache-miss
385 http fetch GET 200 https://registry.npmjs.org/esprima 19ms (cache miss)
386 silly packumentCache full:https://registry.npmjs.org/esprima set size:undefined disposed:false
387 silly fetch manifest ast-types@^0.13.4
388 silly packumentCache full:https://registry.npmjs.org/ast-types cache-miss
389 http fetch GET 200 https://registry.npmjs.org/ast-types 22ms (cache miss)
390 silly packumentCache full:https://registry.npmjs.org/ast-types set size:undefined disposed:false
391 silly fetch manifest escodegen@^2.1.0
392 silly packumentCache full:https://registry.npmjs.org/escodegen cache-miss
393 http fetch GET 200 https://registry.npmjs.org/escodegen 20ms (cache miss)
394 silly packumentCache full:https://registry.npmjs.org/escodegen set size:undefined disposed:false
395 silly placeDep node_modules/pm2 ast-types@0.13.4 OK for: degenerator@5.0.1 want: ^0.13.4
396 silly placeDep node_modules/pm2 escodegen@2.1.0 OK for: degenerator@5.0.1 want: ^2.1.0
397 silly placeDep node_modules/pm2 esprima@4.0.1 OK for: degenerator@5.0.1 want: ^4.0.1
398 silly fetch manifest tslib@^2.0.1
399 silly packumentCache full:https://registry.npmjs.org/tslib cache-miss
400 http fetch GET 200 https://registry.npmjs.org/tslib 15ms (cache revalidated)
401 silly packumentCache full:https://registry.npmjs.org/tslib set size:108843 disposed:false
402 silly fetch manifest estraverse@^5.2.0
403 silly packumentCache full:https://registry.npmjs.org/estraverse cache-miss
404 http fetch GET 200 https://registry.npmjs.org/estraverse 13ms (cache miss)
405 silly packumentCache full:https://registry.npmjs.org/estraverse set size:undefined disposed:false
406 silly fetch manifest esutils@^2.0.2
407 silly packumentCache full:https://registry.npmjs.org/esutils cache-miss
408 http fetch GET 200 https://registry.npmjs.org/esutils 14ms (cache miss)
409 silly packumentCache full:https://registry.npmjs.org/esutils set size:undefined disposed:false
410 silly fetch manifest source-map@~0.6.1
411 silly packumentCache full:https://registry.npmjs.org/source-map cache-miss
412 http fetch GET 200 https://registry.npmjs.org/source-map 19ms (cache miss)
413 silly packumentCache full:https://registry.npmjs.org/source-map set size:undefined disposed:false
414 silly placeDep node_modules/pm2 tslib@2.8.1 OK for: ast-types@0.13.4 want: ^2.0.1
415 silly placeDep node_modules/pm2 estraverse@5.3.0 OK for: escodegen@2.1.0 want: ^5.2.0
416 silly placeDep node_modules/pm2 esutils@2.0.3 OK for: escodegen@2.1.0 want: ^2.0.2
417 silly placeDep node_modules/pm2 source-map@0.6.1 OK for: escodegen@2.1.0 want: ~0.6.1
418 silly placeDep node_modules/pm2 socks@2.8.9 OK for: socks-proxy-agent@8.0.5 want: ^2.8.3
419 silly fetch manifest ip-address@^10.1.1
420 silly packumentCache full:https://registry.npmjs.org/ip-address cache-miss
421 http fetch GET 200 https://registry.npmjs.org/ip-address 18ms (cache miss)
422 silly packumentCache full:https://registry.npmjs.org/ip-address set size:undefined disposed:false
423 silly fetch manifest smart-buffer@^4.2.0
424 silly packumentCache full:https://registry.npmjs.org/smart-buffer cache-miss
425 http fetch GET 200 https://registry.npmjs.org/smart-buffer 19ms (cache miss)
426 silly packumentCache full:https://registry.npmjs.org/smart-buffer set size:undefined disposed:false
427 silly placeDep node_modules/pm2 ip-address@10.5.0 OK for: socks@2.8.9 want: ^10.1.1
428 silly placeDep node_modules/pm2 smart-buffer@4.2.0 OK for: socks@2.8.9 want: ^4.2.0
429 silly placeDep node_modules/pm2 has-flag@4.0.0 OK for: supports-color@7.2.0 want: ^4.0.0
430 silly placeDep node_modules/pm2 is-number@7.0.0 OK for: to-regex-range@5.0.1 want: ^7.0.0
431 silly placeDep node_modules/pm2 json-stringify-safe@5.0.1 OK for: tx2@1.0.5 want: ^5.0.1
432 silly placeDep node_modules/pm2 lodash@4.18.1 OK for: async@2.6.4 want: ^4.17.14
433 silly reify moves {}
434 verbose reify failed optional dependency /usr/lib/node_modules/pm2/node_modules/fsevents
435 silly reify mark deleted [ '/usr/lib/node_modules/pm2/node_modules/fsevents' ]
436 silly tarball no local data for pm2@https://registry.npmjs.org/pm2/-/pm2-7.0.3.tgz. Extracting by manifest.
437 silly tarball no local data for json-stringify-safe@https://registry.npmjs.org/json-stringify-safe/-/json-stringify-safe-5.0.1.tgz. Extracting by manifest.
438 silly tarball no local data for is-number@https://registry.npmjs.org/is-number/-/is-number-7.0.0.tgz. Extracting by manifest.
439 silly tarball no local data for has-flag@https://registry.npmjs.org/has-flag/-/has-flag-4.0.0.tgz. Extracting by manifest.
440 silly tarball no local data for smart-buffer@https://registry.npmjs.org/smart-buffer/-/smart-buffer-4.2.0.tgz. Extracting by manifest.
441 silly tarball no local data for ip-address@https://registry.npmjs.org/ip-address/-/ip-address-10.5.0.tgz. Extracting by manifest.
442 silly tarball no local data for socks@https://registry.npmjs.org/socks/-/socks-2.8.9.tgz. Extracting by manifest.
443 silly tarball no local data for source-map@https://registry.npmjs.org/source-map/-/source-map-0.6.1.tgz. Extracting by manifest.
444 silly tarball no local data for esutils@https://registry.npmjs.org/esutils/-/esutils-2.0.3.tgz. Extracting by manifest.
445 silly tarball no local data for estraverse@https://registry.npmjs.org/estraverse/-/estraverse-5.3.0.tgz. Extracting by manifest.
446 silly tarball no local data for esprima@https://registry.npmjs.org/esprima/-/esprima-4.0.1.tgz. Extracting by manifest.
447 silly tarball no local data for escodegen@https://registry.npmjs.org/escodegen/-/escodegen-2.1.0.tgz. Extracting by manifest.
448 silly tarball no local data for ast-types@https://registry.npmjs.org/ast-types/-/ast-types-0.13.4.tgz. Extracting by manifest.
449 silly tarball no local data for netmask@https://registry.npmjs.org/netmask/-/netmask-2.1.1.tgz. Extracting by manifest.
450 silly tarball no local data for degenerator@https://registry.npmjs.org/degenerator/-/degenerator-5.0.1.tgz. Extracting by manifest.
451 silly tarball no local data for data-uri-to-buffer@https://registry.npmjs.org/data-uri-to-buffer/-/data-uri-to-buffer-6.0.2.tgz. Extracting by manifest.
452 silly tarball no local data for basic-ftp@https://registry.npmjs.org/basic-ftp/-/basic-ftp-5.3.1.tgz. Extracting by manifest.
453 silly tarball no local data for pac-resolver@https://registry.npmjs.org/pac-resolver/-/pac-resolver-7.0.1.tgz. Extracting by manifest.
454 silly tarball no local data for get-uri@https://registry.npmjs.org/get-uri/-/get-uri-6.0.5.tgz. Extracting by manifest.
455 silly tarball no local data for @tootallnate/quickjs-emscripten@https://registry.npmjs.org/@tootallnate/quickjs-emscripten/-/quickjs-emscripten-0.23.0.tgz. Extracting by manifest.
456 silly tarball no local data for socks-proxy-agent@https://registry.npmjs.org/socks-proxy-agent/-/socks-proxy-agent-8.0.5.tgz. Extracting by manifest.
457 silly tarball no local data for proxy-from-env@https://registry.npmjs.org/proxy-from-env/-/proxy-from-env-1.1.0.tgz. Extracting by manifest.
458 silly tarball no local data for pac-proxy-agent@https://registry.npmjs.org/pac-proxy-agent/-/pac-proxy-agent-7.2.0.tgz. Extracting by manifest.
459 silly tarball no local data for lru-cache@https://registry.npmjs.org/lru-cache/-/lru-cache-7.18.3.tgz. Extracting by manifest.
460 silly tarball no local data for https-proxy-agent@https://registry.npmjs.org/https-proxy-agent/-/https-proxy-agent-7.0.6.tgz. Extracting by manifest.
461 silly tarball no local data for http-proxy-agent@https://registry.npmjs.org/http-proxy-agent/-/http-proxy-agent-7.0.2.tgz. Extracting by manifest.
462 silly tarball no local data for agent-base@https://registry.npmjs.org/agent-base/-/agent-base-7.1.4.tgz. Extracting by manifest.
463 silly tarball no local data for tv4@https://registry.npmjs.org/tv4/-/tv4-1.3.0.tgz. Extracting by manifest.
464 silly tarball no local data for run-series@https://registry.npmjs.org/run-series/-/run-series-1.1.9.tgz. Extracting by manifest.
465 silly tarball no local data for argparse@https://registry.npmjs.org/argparse/-/argparse-2.0.1.tgz. Extracting by manifest.
466 silly tarball no local data for is-extglob@https://registry.npmjs.org/is-extglob/-/is-extglob-2.1.1.tgz. Extracting by manifest.
467 silly tarball no local data for binary-extensions@https://registry.npmjs.org/binary-extensions/-/binary-extensions-2.3.0.tgz. Extracting by manifest.
468 silly tarball no local data for to-regex-range@https://registry.npmjs.org/to-regex-range/-/to-regex-range-5.0.1.tgz. Extracting by manifest.
469 silly tarball no local data for follow-redirects@https://registry.npmjs.org/follow-redirects/-/follow-redirects-1.16.0.tgz. Extracting by manifest.
470 silly tarball no local data for color-name@https://registry.npmjs.org/color-name/-/color-name-1.1.4.tgz. Extracting by manifest.
471 silly tarball no local data for color-convert@https://registry.npmjs.org/color-convert/-/color-convert-2.0.1.tgz. Extracting by manifest.
472 silly tarball no local data for supports-color@https://registry.npmjs.org/supports-color/-/supports-color-7.2.0.tgz. Extracting by manifest.
473 silly tarball no local data for ansi-styles@https://registry.npmjs.org/ansi-styles/-/ansi-styles-4.3.0.tgz. Extracting by manifest.
474 silly tarball no local data for chalk@https://registry.npmjs.org/chalk/-/chalk-3.0.0.tgz. Extracting by manifest.
475 silly tarball no local data for fill-range@https://registry.npmjs.org/fill-range/-/fill-range-7.1.1.tgz. Extracting by manifest.
476 silly tarball no local data for picomatch@https://registry.npmjs.org/picomatch/-/picomatch-2.3.2.tgz. Extracting by manifest.
477 silly tarball no local data for readdirp@https://registry.npmjs.org/readdirp/-/readdirp-3.6.0.tgz. Extracting by manifest.
478 silly tarball no local data for normalize-path@https://registry.npmjs.org/normalize-path/-/normalize-path-3.0.0.tgz. Extracting by manifest.
479 silly tarball no local data for is-glob@https://registry.npmjs.org/is-glob/-/is-glob-4.0.3.tgz. Extracting by manifest.
480 silly tarball no local data for is-binary-path@https://registry.npmjs.org/is-binary-path/-/is-binary-path-2.1.0.tgz. Extracting by manifest.
481 silly tarball no local data for glob-parent@https://registry.npmjs.org/glob-parent/-/glob-parent-5.1.2.tgz. Extracting by manifest.
482 silly tarball no local data for braces@https://registry.npmjs.org/braces/-/braces-3.0.3.tgz. Extracting by manifest.
483 silly tarball no local data for anymatch@https://registry.npmjs.org/anymatch/-/anymatch-3.1.3.tgz. Extracting by manifest.
484 silly tarball no local data for extrareqp2@https://registry.npmjs.org/extrareqp2/-/extrareqp2-1.0.0.tgz. Extracting by manifest.
485 silly tarball no local data for ws@https://registry.npmjs.org/ws/-/ws-8.21.0.tgz. Extracting by manifest.
486 silly tarball no local data for tx2@https://registry.npmjs.org/tx2/-/tx2-1.0.5.tgz. Extracting by manifest.
487 silly tarball no local data for semver@https://registry.npmjs.org/semver/-/semver-7.7.2.tgz. Extracting by manifest.
488 silly tarball no local data for proxy-agent@https://registry.npmjs.org/proxy-agent/-/proxy-agent-6.5.0.tgz. Extracting by manifest.
489 silly tarball no local data for pm2-deploy@https://registry.npmjs.org/pm2-deploy/-/pm2-deploy-1.0.2.tgz. Extracting by manifest.
490 silly tarball no local data for pidusage@https://registry.npmjs.org/pidusage/-/pidusage-4.0.1.tgz. Extracting by manifest.
491 silly tarball no local data for js-yaml@https://registry.npmjs.org/js-yaml/-/js-yaml-4.3.0.tgz. Extracting by manifest.
492 silly tarball no local data for fast-json-patch@https://registry.npmjs.org/fast-json-patch/-/fast-json-patch-3.1.1.tgz. Extracting by manifest.
493 silly tarball no local data for eventemitter2@https://registry.npmjs.org/eventemitter2/-/eventemitter2-6.4.9.tgz. Extracting by manifest.
494 silly tarball no local data for dayjs@https://registry.npmjs.org/dayjs/-/dayjs-1.11.15.tgz. Extracting by manifest.
495 silly tarball no local data for croner@https://registry.npmjs.org/croner/-/croner-4.1.97.tgz. Extracting by manifest.
496 silly tarball no local data for commander@https://registry.npmjs.org/commander/-/commander-2.15.1.tgz. Extracting by manifest.
497 silly tarball no local data for cli-tableau@https://registry.npmjs.org/cli-tableau/-/cli-tableau-2.0.1.tgz. Extracting by manifest.
498 silly tarball no local data for chokidar@https://registry.npmjs.org/chokidar/-/chokidar-3.6.0.tgz. Extracting by manifest.
499 silly tarball no local data for async@https://registry.npmjs.org/async/-/async-3.2.6.tgz. Extracting by manifest.
500 silly tarball no local data for ansis@https://registry.npmjs.org/ansis/-/ansis-4.0.0-node10.tgz. Extracting by manifest.
501 silly tarball no local data for amp-message@https://registry.npmjs.org/amp-message/-/amp-message-0.1.2.tgz. Extracting by manifest.
502 silly tarball no local data for amp@https://registry.npmjs.org/amp/-/amp-0.3.1.tgz. Extracting by manifest.
503 silly tarball no local data for @pm2/pm2-version-check@https://registry.npmjs.org/@pm2/pm2-version-check/-/pm2-version-check-1.0.4.tgz. Extracting by manifest.
504 silly tarball no local data for @pm2/js-api@https://registry.npmjs.org/@pm2/js-api/-/js-api-0.8.1.tgz. Extracting by manifest.
505 silly tarball no local data for debug@https://registry.npmjs.org/debug/-/debug-4.3.7.tgz. Extracting by manifest.
506 silly tarball no local data for async@https://registry.npmjs.org/async/-/async-2.6.4.tgz. Extracting by manifest.
507 silly tarball no local data for @pm2/blessed@https://registry.npmjs.org/@pm2/blessed/-/blessed-0.1.81.tgz. Extracting by manifest.
508 http fetch GET 200 https://registry.npmjs.org/has-flag/-/has-flag-4.0.0.tgz 493ms (cache miss)
509 http fetch GET 200 https://registry.npmjs.org/data-uri-to-buffer/-/data-uri-to-buffer-6.0.2.tgz 490ms (cache miss)
510 http fetch GET 200 https://registry.npmjs.org/https-proxy-agent/-/https-proxy-agent-7.0.6.tgz 488ms (cache miss)
511 http fetch GET 200 https://registry.npmjs.org/is-number/-/is-number-7.0.0.tgz 513ms (cache miss)
512 http fetch GET 200 https://registry.npmjs.org/socks-proxy-agent/-/socks-proxy-agent-8.0.5.tgz 500ms (cache miss)
513 http fetch GET 200 https://registry.npmjs.org/is-extglob/-/is-extglob-2.1.1.tgz 497ms (cache miss)
514 http fetch GET 200 https://registry.npmjs.org/binary-extensions/-/binary-extensions-2.3.0.tgz 497ms (cache miss)
515 http fetch GET 200 https://registry.npmjs.org/ansi-styles/-/ansi-styles-4.3.0.tgz 501ms (cache miss)
516 http fetch GET 200 https://registry.npmjs.org/glob-parent/-/glob-parent-5.1.2.tgz 497ms (cache miss)
517 http fetch GET 200 https://registry.npmjs.org/http-proxy-agent/-/http-proxy-agent-7.0.2.tgz 512ms (cache miss)
518 http fetch GET 200 https://registry.npmjs.org/color-name/-/color-name-1.1.4.tgz 509ms (cache miss)
519 http fetch GET 200 https://registry.npmjs.org/is-binary-path/-/is-binary-path-2.1.0.tgz 504ms (cache miss)
520 http fetch GET 200 https://registry.npmjs.org/json-stringify-safe/-/json-stringify-safe-5.0.1.tgz 539ms (cache miss)
521 http fetch GET 200 https://registry.npmjs.org/readdirp/-/readdirp-3.6.0.tgz 516ms (cache miss)
522 http fetch GET 200 https://registry.npmjs.org/fill-range/-/fill-range-7.1.1.tgz 518ms (cache miss)
523 http fetch GET 200 https://registry.npmjs.org/run-series/-/run-series-1.1.9.tgz 527ms (cache miss)
524 http fetch GET 200 https://registry.npmjs.org/normalize-path/-/normalize-path-3.0.0.tgz 522ms (cache miss)
525 http fetch GET 200 https://registry.npmjs.org/ansis/-/ansis-4.0.0-node10.tgz 506ms (cache miss)
526 http fetch GET 200 https://registry.npmjs.org/estraverse/-/estraverse-5.3.0.tgz 543ms (cache miss)
527 http fetch GET 200 https://registry.npmjs.org/color-convert/-/color-convert-2.0.1.tgz 532ms (cache miss)
528 http fetch GET 200 https://registry.npmjs.org/supports-color/-/supports-color-7.2.0.tgz 532ms (cache miss)
529 http fetch GET 200 https://registry.npmjs.org/is-glob/-/is-glob-4.0.3.tgz 530ms (cache miss)
530 http fetch GET 200 https://registry.npmjs.org/braces/-/braces-3.0.3.tgz 533ms (cache miss)
531 http fetch GET 200 https://registry.npmjs.org/pidusage/-/pidusage-4.0.1.tgz 525ms (cache miss)
532 http fetch GET 200 https://registry.npmjs.org/amp/-/amp-0.3.1.tgz 521ms (cache miss)
533 http fetch GET 200 https://registry.npmjs.org/proxy-from-env/-/proxy-from-env-1.1.0.tgz 550ms (cache miss)
534 http fetch GET 200 https://registry.npmjs.org/anymatch/-/anymatch-3.1.3.tgz 538ms (cache miss)
535 http fetch GET 200 https://registry.npmjs.org/chokidar/-/chokidar-3.6.0.tgz 527ms (cache miss)
536 http fetch GET 200 https://registry.npmjs.org/amp-message/-/amp-message-0.1.2.tgz 526ms (cache miss)
537 http fetch GET 200 https://registry.npmjs.org/to-regex-range/-/to-regex-range-5.0.1.tgz 550ms (cache miss)
538 http fetch GET 200 https://registry.npmjs.org/pm2-deploy/-/pm2-deploy-1.0.2.tgz 535ms (cache miss)
539 http fetch GET 200 https://registry.npmjs.org/cli-tableau/-/cli-tableau-2.0.1.tgz 532ms (cache miss)
540 http fetch GET 200 https://registry.npmjs.org/eventemitter2/-/eventemitter2-6.4.9.tgz 533ms (cache miss)
541 http fetch GET 200 https://registry.npmjs.org/pac-proxy-agent/-/pac-proxy-agent-7.2.0.tgz 563ms (cache miss)
542 http fetch GET 200 https://registry.npmjs.org/argparse/-/argparse-2.0.1.tgz 559ms (cache miss)
543 http fetch GET 200 https://registry.npmjs.org/chalk/-/chalk-3.0.0.tgz 562ms (cache miss)
544 http fetch GET 200 https://registry.npmjs.org/netmask/-/netmask-2.1.1.tgz 577ms (cache miss)
545 http fetch GET 200 https://registry.npmjs.org/follow-redirects/-/follow-redirects-1.16.0.tgz 573ms (cache miss)
546 http fetch GET 200 https://registry.npmjs.org/proxy-agent/-/proxy-agent-6.5.0.tgz 560ms (cache miss)
547 http fetch GET 200 https://registry.npmjs.org/debug/-/debug-4.3.7.tgz 553ms (cache miss)
548 http fetch GET 200 https://registry.npmjs.org/esutils/-/esutils-2.0.3.tgz 589ms (cache miss)
549 http fetch GET 200 https://registry.npmjs.org/degenerator/-/degenerator-5.0.1.tgz 594ms (cache miss)
550 http fetch GET 200 https://registry.npmjs.org/agent-base/-/agent-base-7.1.4.tgz 592ms (cache miss)
551 http fetch GET 200 https://registry.npmjs.org/tv4/-/tv4-1.3.0.tgz 592ms (cache miss)
552 http fetch GET 200 https://registry.npmjs.org/picomatch/-/picomatch-2.3.2.tgz 586ms (cache miss)
553 http fetch GET 200 https://registry.npmjs.org/@pm2/pm2-version-check/-/pm2-version-check-1.0.4.tgz 569ms (cache miss)
554 http fetch GET 200 https://registry.npmjs.org/escodegen/-/escodegen-2.1.0.tgz 603ms (cache miss)
555 http fetch GET 200 https://registry.npmjs.org/lru-cache/-/lru-cache-7.18.3.tgz 597ms (cache miss)
556 http fetch GET 200 https://registry.npmjs.org/commander/-/commander-2.15.1.tgz 575ms (cache miss)
557 http fetch GET 200 https://registry.npmjs.org/tx2/-/tx2-1.0.5.tgz 590ms (cache miss)
558 http fetch GET 200 https://registry.npmjs.org/smart-buffer/-/smart-buffer-4.2.0.tgz 637ms (cache miss)
559 http fetch GET 200 https://registry.npmjs.org/basic-ftp/-/basic-ftp-5.3.1.tgz 629ms (cache miss)
560 http fetch GET 200 https://registry.npmjs.org/get-uri/-/get-uri-6.0.5.tgz 637ms (cache miss)
561 http fetch GET 200 https://registry.npmjs.org/fast-json-patch/-/fast-json-patch-3.1.1.tgz 620ms (cache miss)
562 http fetch GET 200 https://registry.npmjs.org/croner/-/croner-4.1.97.tgz 633ms (cache miss)
563 http fetch GET 200 https://registry.npmjs.org/ws/-/ws-8.21.0.tgz 644ms (cache miss)
564 http fetch GET 200 https://registry.npmjs.org/esprima/-/esprima-4.0.1.tgz 681ms (cache miss)
565 http fetch GET 200 https://registry.npmjs.org/semver/-/semver-7.7.2.tgz 663ms (cache miss)
566 http fetch GET 200 https://registry.npmjs.org/pac-resolver/-/pac-resolver-7.0.1.tgz 710ms (cache miss)
567 http fetch GET 200 https://registry.npmjs.org/socks/-/socks-2.8.9.tgz 726ms (cache miss)
568 http fetch GET 200 https://registry.npmjs.org/ip-address/-/ip-address-10.5.0.tgz 737ms (cache miss)
569 http fetch GET 200 https://registry.npmjs.org/extrareqp2/-/extrareqp2-1.0.0.tgz 744ms (cache miss)
570 http fetch GET 200 https://registry.npmjs.org/ast-types/-/ast-types-0.13.4.tgz 772ms (cache miss)
571 http fetch GET 200 https://registry.npmjs.org/source-map/-/source-map-0.6.1.tgz 782ms (cache miss)
572 http fetch GET 200 https://registry.npmjs.org/js-yaml/-/js-yaml-4.3.0.tgz 754ms (cache miss)
573 http fetch GET 200 https://registry.npmjs.org/@pm2/js-api/-/js-api-0.8.1.tgz 770ms (cache miss)
574 http fetch GET 200 https://registry.npmjs.org/async/-/async-2.6.4.tgz 784ms (cache miss)
575 http fetch GET 200 https://registry.npmjs.org/@tootallnate/quickjs-emscripten/-/quickjs-emscripten-0.23.0.tgz 858ms (cache miss)
576 http fetch GET 200 https://registry.npmjs.org/async/-/async-3.2.6.tgz 836ms (cache miss)
577 http fetch GET 200 https://registry.npmjs.org/@pm2/blessed/-/blessed-0.1.81.tgz 828ms (cache miss)
578 http fetch GET 200 https://registry.npmjs.org/pm2/-/pm2-7.0.3.tgz 975ms (cache miss)
579 http fetch GET 200 https://registry.npmjs.org/dayjs/-/dayjs-1.11.15.tgz 977ms (cache miss)
580 silly ADD node_modules/pm2
581 silly ADD node_modules/pm2/node_modules/lodash
582 silly ADD node_modules/pm2/node_modules/json-stringify-safe
583 silly ADD node_modules/pm2/node_modules/is-number
584 silly ADD node_modules/pm2/node_modules/has-flag
585 silly ADD node_modules/pm2/node_modules/smart-buffer
586 silly ADD node_modules/pm2/node_modules/ip-address
587 silly ADD node_modules/pm2/node_modules/socks
588 silly ADD node_modules/pm2/node_modules/source-map
589 silly ADD node_modules/pm2/node_modules/esutils
590 silly ADD node_modules/pm2/node_modules/estraverse
591 silly ADD node_modules/pm2/node_modules/tslib
592 silly ADD node_modules/pm2/node_modules/esprima
593 silly ADD node_modules/pm2/node_modules/escodegen
594 silly ADD node_modules/pm2/node_modules/ast-types
595 silly ADD node_modules/pm2/node_modules/netmask
596 silly ADD node_modules/pm2/node_modules/degenerator
597 silly ADD node_modules/pm2/node_modules/data-uri-to-buffer
598 silly ADD node_modules/pm2/node_modules/basic-ftp
599 silly ADD node_modules/pm2/node_modules/pac-resolver
600 silly ADD node_modules/pm2/node_modules/get-uri
601 silly ADD node_modules/pm2/node_modules/@tootallnate/quickjs-emscripten
602 silly ADD node_modules/pm2/node_modules/socks-proxy-agent
603 silly ADD node_modules/pm2/node_modules/proxy-from-env
604 silly ADD node_modules/pm2/node_modules/pac-proxy-agent
605 silly ADD node_modules/pm2/node_modules/lru-cache
606 silly ADD node_modules/pm2/node_modules/https-proxy-agent
607 silly ADD node_modules/pm2/node_modules/http-proxy-agent
608 silly ADD node_modules/pm2/node_modules/agent-base
609 silly ADD node_modules/pm2/node_modules/tv4
610 silly ADD node_modules/pm2/node_modules/run-series
611 silly ADD node_modules/pm2/node_modules/safe-buffer
612 silly ADD node_modules/pm2/node_modules/argparse
613 silly ADD node_modules/pm2/node_modules/is-extglob
614 silly ADD node_modules/pm2/node_modules/binary-extensions
615 silly ADD node_modules/pm2/node_modules/to-regex-range
616 silly ADD node_modules/pm2/node_modules/follow-redirects
617 silly ADD node_modules/pm2/node_modules/ms
618 silly ADD node_modules/pm2/node_modules/color-name
619 silly ADD node_modules/pm2/node_modules/color-convert
620 silly ADD node_modules/pm2/node_modules/supports-color
621 silly ADD node_modules/pm2/node_modules/ansi-styles
622 silly ADD node_modules/pm2/node_modules/chalk
623 silly ADD node_modules/pm2/node_modules/fill-range
624 silly ADD node_modules/pm2/node_modules/picomatch
625 silly ADD node_modules/pm2/node_modules/readdirp
626 silly ADD node_modules/pm2/node_modules/normalize-path
627 silly ADD node_modules/pm2/node_modules/is-glob
628 silly ADD node_modules/pm2/node_modules/is-binary-path
629 silly ADD node_modules/pm2/node_modules/glob-parent
630 silly ADD
631 silly ADD node_modules/pm2/node_modules/braces
632 silly ADD node_modules/pm2/node_modules/anymatch
633 silly ADD node_modules/pm2/node_modules/extrareqp2
634 silly ADD node_modules/pm2/node_modules/ws
635 silly ADD node_modules/pm2/node_modules/tx2
636 silly ADD node_modules/pm2/node_modules/semver
637 silly ADD node_modules/pm2/node_modules/proxy-agent
638 silly ADD node_modules/pm2/node_modules/pm2-deploy
639 silly ADD node_modules/pm2/node_modules/pidusage
640 silly ADD node_modules/pm2/node_modules/js-yaml
641 silly ADD node_modules/pm2/node_modules/fast-json-patch
642 silly ADD node_modules/pm2/node_modules/eventemitter2
643 silly ADD node_modules/pm2/node_modules/debug
644 silly ADD node_modules/pm2/node_modules/dayjs
645 silly ADD node_modules/pm2/node_modules/croner
646 silly ADD node_modules/pm2/node_modules/commander
647 silly ADD node_modules/pm2/node_modules/cli-tableau
648 silly ADD node_modules/pm2/node_modules/chokidar
649 silly ADD node_modules/pm2/node_modules/async
650 silly ADD node_modules/pm2/node_modules/ansis
651 silly ADD node_modules/pm2/node_modules/amp-message
652 silly ADD node_modules/pm2/node_modules/amp
653 silly ADD node_modules/pm2/node_modules/@pm2/pm2-version-check
654 silly ADD node_modules/pm2/node_modules/@pm2/js-api
655 silly ADD node_modules/pm2/node_modules/@pm2/js-api/node_modules/debug
656 silly ADD node_modules/pm2/node_modules/@pm2/js-api/node_modules/async
657 silly ADD node_modules/pm2/node_modules/@pm2/blessed
658 verbose cwd /var/www/society-app/Society-management-System/server
659 verbose os Linux 5.14.0-687.10.1.el9_8.x86_64
660 verbose node v20.20.2
661 verbose npm  v10.8.2
662 verbose exit 0
663 info ok
